{
  "version": 1,
  "config": "C:\\Users\\pc\\Documents\\´ó´´\\projects\\irt_label_pipeline\\config_winprop2020_irt2_direct_pilot32.json",
  "config_sha256": "2784c9e46e5fb9037ecf40bef98d486d7dc28dce6df90c57d552d4098d907b04",
  "output_root": "E:\\dac_winprop_irt2_direct_pilot32_v1",
  "tiles": [
    {
      "tile": "tile_000001",
      "variants": [
        "iso",
        "az113",
        "az195",
        "az216",
        "az283"
      ]
    },
    {
      "tile": "tile_000002",
      "variants": [
        "iso",
        "az072",
        "az153",
        "az338",
        "az356"
      ]
    },
    {
      "tile": "tile_000003",
      "variants": [
        "iso",
        "az011",
        "az061",
        "az293",
        "az325"
      ]
    },
    {
      "tile": "tile_000004",
      "variants": [
        "iso",
        "az039",
        "az059",
        "az160",
        "az318"
      ]
    },
    {
      "tile": "tile_000005",
      "variants": [
        "iso",
        "az014",
        "az046",
        "az129",
        "az175"
      ]
    },
    {
      "tile": "tile_000006",
      "variants": [
        "iso",
        "az017",
        "az212",
        "az249",
        "az254"
      ]
    },
    {
      "tile": "tile_000007",
      "variants": [
        "iso",
        "az042",
        "az044",
        "az106",
        "az218"
      ]
    },
    {
      "tile": "tile_000008",
      "variants": [
        "iso",
        "az080",
        "az228",
        "az311",
        "az345"
      ]
    },
    {
      "tile": "tile_000009",
      "variants": [
        "iso",
        "az004",
        "az159",
        "az175",
        "az250"
      ]
    },
    {
      "tile": "tile_000010",
      "variants": [
        "iso",
        "az090",
        "az179",
        "az190",
        "az218"
      ]
    },
    {
      "tile": "tile_000011",
      "variants": [
        "iso",
        "az019",
        "az080",
        "az335",
        "az355"
      ]
    },
    {
      "tile": "tile_000012",
      "variants": [
        "iso",
        "az131",
        "az201",
        "az282",
        "az307"
      ]
    },
    {
      "tile": "tile_000013",
      "variants": [
        "iso",
        "az027",
        "az124",
        "az126",
        "az199"
      ]
    },
    {
      "tile": "tile_000014",
      "variants": [
        "iso",
        "az032",
        "az097",
        "az098",
        "az340"
      ]
    },
    {
      "tile": "tile_000015",
      "variants": [
        "iso",
        "az070",
        "az107",
        "az169",
        "az172"
      ]
    },
    {
      "tile": "tile_000016",
      "variants": [
        "iso",
        "az087",
        "az195",
        "az201",
        "az203"
      ]
    },
    {
      "tile": "tile_000017",
      "variants": [
        "iso",
        "az110",
        "az137",
        "az209",
        "az335"
      ]
    },
    {
      "tile": "tile_000018",
      "variants": [
        "iso",
        "az046",
        "az101",
        "az216",
        "az295"
      ]
    },
    {
      "tile": "tile_000019",
      "variants": [
        "iso",
        "az187",
        "az189",
        "az293",
        "az308"
      ]
    },
    {
      "tile": "tile_000020",
      "variants": [
        "iso",
        "az129",
        "az244",
        "az314",
        "az323"
      ]
    },
    {
      "tile": "tile_000021",
      "variants": [
        "iso",
        "az221",
        "az285",
        "az348",
        "az357"
      ]
    },
    {
      "tile": "tile_000022",
      "variants": [
        "iso",
        "az019",
        "az128",
        "az207",
        "az274"
      ]
    },
    {
      "tile": "tile_000023",
      "variants": [
        "iso",
        "az006",
        "az087",
        "az229",
        "az304"
      ]
    },
    {
      "tile": "tile_000024",
      "variants": [
        "iso",
        "az136",
        "az196",
        "az239",
        "az249"
      ]
    },
    {
      "tile": "tile_000025",
      "variants": [
        "iso",
        "az011",
        "az028",
        "az303",
        "az322"
      ]
    },
    {
      "tile": "tile_000026",
      "variants": [
        "iso",
        "az030",
        "az177",
        "az191",
        "az248"
      ]
    },
    {
      "tile": "tile_000027",
      "variants": [
        "iso",
        "az221",
        "az243",
        "az281",
        "az309"
      ]
    },
    {
      "tile": "tile_000028",
      "variants": [
        "iso",
        "az100",
        "az185",
        "az208",
        "az306"
      ]
    },
    {
      "tile": "tile_000029",
      "variants": [
        "iso",
        "az207",
        "az288",
        "az301",
        "az351"
      ]
    },
    {
      "tile": "tile_000030",
      "variants": [
        "iso",
        "az108",
        "az255",
        "az262",
        "az301"
      ]
    },
    {
      "tile": "tile_000031",
      "variants": [
        "iso",
        "az133",
        "az180",
        "az235",
        "az254"
      ]
    },
    {
      "tile": "tile_000032",
      "variants": [
        "iso",
        "az013",
        "az170",
        "az176",
        "az230"
      ]
    }
  ],
  "max_parallel_propagations": 4,
  "preprocess_threads": 4,
  "timeout_seconds": 1800,
  "dry_run": false
}
[1/32] SKIP completed tile_000001
[2/32] SKIP completed tile_000002
[3/32] PREPROCESS tile_000003
[3/32] PREPARE tile_000003 iso az011 az061 az293 az325
[3/32] PROPAGATE tile_000003 (4 parallel)
[3/32] OK tile_000003 iso
[3/32] OK tile_000003 az061
[3/32] OK tile_000003 az011
[3/32] OK tile_000003 az293
[3/32] OK tile_000003 az325
[3/32] COMPACT tile_000003
[3/32] DONE tile_000003 1.3s
[4/32] PREPROCESS tile_000004
[4/32] PREPARE tile_000004 iso az039 az059 az160 az318
[4/32] PROPAGATE tile_000004 (4 parallel)
[4/32] OK tile_000004 iso
[4/32] OK tile_000004 az039
[4/32] OK tile_000004 az059
[4/32] OK tile_000004 az160
[4/32] OK tile_000004 az318
[4/32] COMPACT tile_000004
[4/32] DONE tile_000004 127.5s
[5/32] PREPROCESS tile_000005
[5/32] PREPARE tile_000005 iso az014 az046 az129 az175
[5/32] PROPAGATE tile_000005 (4 parallel)
[5/32] OK tile_000005 iso
[5/32] OK tile_000005 az014
[5/32] OK tile_000005 az046
[5/32] OK tile_000005 az129
[5/32] OK tile_000005 az175
[5/32] COMPACT tile_000005
[5/32] DONE tile_000005 163.5s
[6/32] PREPROCESS tile_000006
[6/32] PREPARE tile_000006 iso az017 az212 az249 az254
[6/32] PROPAGATE tile_000006 (4 parallel)
[6/32] OK tile_000006 iso
[6/32] OK tile_000006 az017
[6/32] OK tile_000006 az249
[6/32] OK tile_000006 az212
[6/32] OK tile_000006 az254
[6/32] COMPACT tile_000006
[6/32] DONE tile_000006 108.5s
[7/32] PREPROCESS tile_000007
[7/32] PREPARE tile_000007 iso az042 az044 az106 az218
[7/32] PROPAGATE tile_000007 (4 parallel)
[7/32] OK tile_000007 iso
[7/32] OK tile_000007 az044
[7/32] OK tile_000007 az106
[7/32] OK tile_000007 az042
[7/32] OK tile_000007 az218
[7/32] COMPACT tile_000007
[7/32] DONE tile_000007 223.5s
[8/32] PREPROCESS tile_000008
[8/32] PREPARE tile_000008 iso az080 az228 az311 az345
[8/32] PROPAGATE tile_000008 (4 parallel)
[8/32] OK tile_000008 iso
[8/32] OK tile_000008 az228
[8/32] OK tile_000008 az080
[8/32] OK tile_000008 az311
[8/32] OK tile_000008 az345
[8/32] COMPACT tile_000008
[8/32] DONE tile_000008 119.7s
[9/32] PREPROCESS tile_000009
[9/32] PREPARE tile_000009 iso az004 az159 az175 az250
[9/32] PROPAGATE tile_000009 (4 parallel)
[9/32] OK tile_000009 iso
[9/32] OK tile_000009 az004
[9/32] OK tile_000009 az159
[9/32] OK tile_000009 az175
[9/32] OK tile_000009 az250
[9/32] COMPACT tile_000009
[9/32] DONE tile_000009 92.9s
[10/32] PREPROCESS tile_000010
[10/32] PREPARE tile_000010 iso az090 az179 az190 az218
[10/32] PROPAGATE tile_000010 (4 parallel)
[10/32] OK tile_000010 iso
[10/32] OK tile_000010 az179
[10/32] OK tile_000010 az090
[10/32] OK tile_000010 az190
[10/32] OK tile_000010 az218
[10/32] COMPACT tile_000010
[10/32] DONE tile_000010 165.2s
[11/32] PREPROCESS tile_000011
[11/32] PREPARE tile_000011 iso az019 az080 az335 az355
[11/32] PROPAGATE tile_000011 (4 parallel)
[11/32] OK tile_000011 iso
[11/32] OK tile_000011 az080
[11/32] OK tile_000011 az335
[11/32] OK tile_000011 az019
[11/32] OK tile_000011 az355
[11/32] COMPACT tile_000011
[11/32] DONE tile_000011 539.7s
[12/32] PREPROCESS tile_000012
[12/32] PREPARE tile_000012 iso az131 az201 az282 az307
[12/32] PROPAGATE tile_000012 (4 parallel)
[12/32] OK tile_000012 iso
[12/32] OK tile_000012 az131
[12/32] OK tile_000012 az282
[12/32] OK tile_000012 az201
[12/32] OK tile_000012 az307
[12/32] COMPACT tile_000012
[12/32] DONE tile_000012 113.6s
[13/32] PREPROCESS tile_000013
[13/32] PREPARE tile_000013 iso az027 az124 az126 az199
[13/32] PROPAGATE tile_000013 (4 parallel)
[13/32] OK tile_000013 iso
[13/32] OK tile_000013 az027
[13/32] OK tile_000013 az126
[13/32] OK tile_000013 az124
[13/32] OK tile_000013 az199
[13/32] COMPACT tile_000013
[13/32] DONE tile_000013 136.0s
[14/32] PREPROCESS tile_000014
[14/32] PREPARE tile_000014 iso az032 az097 az098 az340
[14/32] PROPAGATE tile_000014 (4 parallel)
[14/32] OK tile_000014 iso
[14/32] OK tile_000014 az098
[14/32] OK tile_000014 az032
[14/32] OK tile_000014 az097
[14/32] OK tile_000014 az340
[14/32] COMPACT tile_000014
[14/32] DONE tile_000014 56.8s
[15/32] PREPROCESS tile_000015
[15/32] PREPARE tile_000015 iso az070 az107 az169 az172
[15/32] PROPAGATE tile_000015 (4 parallel)
[15/32] OK tile_000015 iso
[15/32] OK tile_000015 az070
[15/32] OK tile_000015 az169
[15/32] OK tile_000015 az107
[15/32] OK tile_000015 az172
[15/32] COMPACT tile_000015
[15/32] DONE tile_000015 145.1s
[16/32] PREPROCESS tile_000016
[16/32] PREPARE tile_000016 iso az087 az195 az201 az203
[16/32] PROPAGATE tile_000016 (4 parallel)
[16/32] OK tile_000016 iso
[16/32] OK tile_000016 az195
[16/32] OK tile_000016 az087
[16/32] OK tile_000016 az201
[16/32] OK tile_000016 az203
[16/32] COMPACT tile_000016
[16/32] DONE tile_000016 93.6s
[17/32] PREPROCESS tile_000017
[17/32] PREPARE tile_000017 iso az110 az137 az209 az335
[17/32] PROPAGATE tile_000017 (4 parallel)
[17/32] OK tile_000017 iso
[17/32] OK tile_000017 az137
[17/32] OK tile_000017 az110
[17/32] OK tile_000017 az209
[17/32] OK tile_000017 az335
[17/32] COMPACT tile_000017
[17/32] DONE tile_000017 371.0s
[18/32] PREPROCESS tile_000018
[18/32] PREPARE tile_000018 iso az046 az101 az216 az295
[18/32] PROPAGATE tile_000018 (4 parallel)
[18/32] OK tile_000018 iso
[18/32] OK tile_000018 az101
[18/32] OK tile_000018 az046
[18/32] OK tile_000018 az216
[18/32] OK tile_000018 az295
[18/32] COMPACT tile_000018
[18/32] DONE tile_000018 230.8s
[19/32] PREPROCESS tile_000019
[19/32] PREPARE tile_000019 iso az187 az189 az293 az308
[19/32] PROPAGATE tile_000019 (4 parallel)
[19/32] OK tile_000019 az187
[19/32] OK tile_000019 az293
[19/32] OK tile_000019 iso
[19/32] OK tile_000019 az189
[19/32] OK tile_000019 az308
[19/32] COMPACT tile_000019
[19/32] DONE tile_000019 76.7s
[20/32] PREPROCESS tile_000020
[20/32] PREPARE tile_000020 iso az129 az244 az314 az323
[20/32] PROPAGATE tile_000020 (4 parallel)
[20/32] OK tile_000020 iso
[20/32] OK tile_000020 az129
[20/32] OK tile_000020 az314
[20/32] OK tile_000020 az244
[20/32] OK tile_000020 az323
[20/32] COMPACT tile_000020
[20/32] DONE tile_000020 125.3s
[21/32] PREPROCESS tile_000021
[21/32] PREPARE tile_000021 iso az221 az285 az348 az357
[21/32] PROPAGATE tile_000021 (4 parallel)
[21/32] OK tile_000021 iso
[21/32] OK tile_000021 az348
[21/32] OK tile_000021 az221
[21/32] OK tile_000021 az285
[21/32] OK tile_000021 az357
[21/32] COMPACT tile_000021
[21/32] DONE tile_000021 252.2s
[22/32] PREPROCESS tile_000022
[22/32] PREPARE tile_000022 iso az019 az128 az207 az274
[22/32] PROPAGATE tile_000022 (4 parallel)
[22/32] OK tile_000022 iso
[22/32] OK tile_000022 az128
[22/32] OK tile_000022 az207
[22/32] OK tile_000022 az019
[22/32] OK tile_000022 az274
[22/32] COMPACT tile_000022
[22/32] DONE tile_000022 174.9s
[23/32] PREPROCESS tile_000023
[23/32] PREPARE tile_000023 iso az006 az087 az229 az304
[23/32] PROPAGATE tile_000023 (4 parallel)
[23/32] OK tile_000023 az006
[23/32] OK tile_000023 iso
[23/32] OK tile_000023 az087
[23/32] OK tile_000023 az229
[23/32] OK tile_000023 az304
[23/32] COMPACT tile_000023
[23/32] DONE tile_000023 121.6s
[24/32] PREPROCESS tile_000024
[24/32] PREPARE tile_000024 iso az136 az196 az239 az249
[24/32] PROPAGATE tile_000024 (4 parallel)
[24/32] OK tile_000024 iso
[24/32] OK tile_000024 az239
[24/32] OK tile_000024 az196
[24/32] OK tile_000024 az136
[24/32] OK tile_000024 az249
[24/32] COMPACT tile_000024
[24/32] DONE tile_000024 146.2s
[25/32] PREPROCESS tile_000025
[25/32] PREPARE tile_000025 iso az011 az028 az303 az322
[25/32] PROPAGATE tile_000025 (4 parallel)
[25/32] OK tile_000025 iso
[25/32] OK tile_000025 az028
[25/32] OK tile_000025 az303
[25/32] OK tile_000025 az011
[25/32] OK tile_000025 az322
[25/32] COMPACT tile_000025
[25/32] DONE tile_000025 110.6s
[26/32] PREPROCESS tile_000026
[26/32] PREPARE tile_000026 iso az030 az177 az191 az248
[26/32] PROPAGATE tile_000026 (4 parallel)
[26/32] OK tile_000026 iso
[26/32] OK tile_000026 az191
[26/32] OK tile_000026 az030
[26/32] OK tile_000026 az177
[26/32] OK tile_000026 az248
[26/32] COMPACT tile_000026
[26/32] DONE tile_000026 116.8s
[27/32] PREPROCESS tile_000027
[27/32] PREPARE tile_000027 iso az221 az243 az281 az309
[27/32] PROPAGATE tile_000027 (4 parallel)
[27/32] OK tile_000027 iso
[27/32] OK tile_000027 az243
[27/32] OK tile_000027 az281
[27/32] OK tile_000027 az221
[27/32] OK tile_000027 az309
[27/32] COMPACT tile_000027
[27/32] DONE tile_000027 108.2s
[28/32] PREPROCESS tile_000028
[28/32] PREPARE tile_000028 iso az100 az185 az208 az306
[28/32] PROPAGATE tile_000028 (4 parallel)
[28/32] OK tile_000028 iso
[28/32] OK tile_000028 az100
[28/32] OK tile_000028 az208
[28/32] OK tile_000028 az185
[28/32] OK tile_000028 az306
[28/32] COMPACT tile_000028
[28/32] DONE tile_000028 216.0s
[29/32] PREPROCESS tile_000029
[29/32] PREPARE tile_000029 iso az207 az288 az301 az351
[29/32] PROPAGATE tile_000029 (4 parallel)
[29/32] OK tile_000029 iso
[29/32] OK tile_000029 az301
[29/32] OK tile_000029 az207
[29/32] OK tile_000029 az288
[29/32] OK tile_000029 az351
[29/32] COMPACT tile_000029
[29/32] DONE tile_000029 142.4s
[30/32] PREPROCESS tile_000030
[30/32] PREPARE tile_000030 iso az108 az255 az262 az301
[30/32] PROPAGATE tile_000030 (4 parallel)
[30/32] OK tile_000030 iso
[30/32] OK tile_000030 az262
[30/32] OK tile_000030 az255
[30/32] OK tile_000030 az108
[30/32] OK tile_000030 az301
[30/32] COMPACT tile_000030
[30/32] DONE tile_000030 104.6s
[31/32] PREPROCESS tile_000031
[31/32] PREPARE tile_000031 iso az133 az180 az235 az254
[31/32] PROPAGATE tile_000031 (4 parallel)
[31/32] OK tile_000031 iso
[31/32] OK tile_000031 az180
[31/32] OK tile_000031 az133
[31/32] OK tile_000031 az235
[31/32] OK tile_000031 az254
[31/32] COMPACT tile_000031
[31/32] DONE tile_000031 44.8s
[32/32] PREPROCESS tile_000032
[32/32] PREPARE tile_000032 iso az013 az170 az176 az230
[32/32] PROPAGATE tile_000032 (4 parallel)
[32/32] OK tile_000032 iso
[32/32] OK tile_000032 az013
[32/32] OK tile_000032 az170
[32/32] OK tile_000032 az176
[32/32] OK tile_000032 az230
[32/32] COMPACT tile_000032
[32/32] DONE tile_000032 112.2s
{
  "version": 1,
  "status": "ok",
  "tiles": 32,
  "completed": 32,
  "elapsed_seconds": 4541.068901099963,
  "completion_files": [
    "E:\\dac_winprop_irt2_direct_pilot32_v1\\completion\\tile_000001.json",
    "E:\\dac_winprop_irt2_direct_pilot32_v1\\completion\\tile_000002.json",
    "E:\\dac_winprop_irt2_direct_pilot32_v1\\completion\\tile_000003.json",
    "E:\\dac_winprop_irt2_direct_pilot32_v1\\completion\\tile_000004.json",
    "E:\\dac_winprop_irt2_direct_pilot32_v1\\completion\\tile_000005.json",
    "E:\\dac_winprop_irt2_direct_pilot32_v1\\completion\\tile_000006.json",
    "E:\\dac_winprop_irt2_direct_pilot32_v1\\completion\\tile_000007.json",
    "E:\\dac_winprop_irt2_direct_pilot32_v1\\completion\\tile_000008.json",
    "E:\\dac_winprop_irt2_direct_pilot32_v1\\completion\\tile_000009.json",
    "E:\\dac_winprop_irt2_direct_pilot32_v1\\completion\\tile_000010.json",
    "E:\\dac_winprop_irt2_direct_pilot32_v1\\completion\\tile_000011.json",
    "E:\\dac_winprop_irt2_direct_pilot32_v1\\completion\\tile_000012.json",
    "E:\\dac_winprop_irt2_direct_pilot32_v1\\completion\\tile_000013.json",
    "E:\\dac_winprop_irt2_direct_pilot32_v1\\completion\\tile_000014.json",
    "E:\\dac_winprop_irt2_direct_pilot32_v1\\completion\\tile_000015.json",
    "E:\\dac_winprop_irt2_direct_pilot32_v1\\completion\\tile_000016.json",
    "E:\\dac_winprop_irt2_direct_pilot32_v1\\completion\\tile_000017.json",
    "E:\\dac_winprop_irt2_direct_pilot32_v1\\completion\\tile_000018.json",
    "E:\\dac_winprop_irt2_direct_pilot32_v1\\completion\\tile_000019.json",
    "E:\\dac_winprop_irt2_direct_pilot32_v1\\completion\\tile_000020.json",
    "E:\\dac_winprop_irt2_direct_pilot32_v1\\completion\\tile_000021.json",
    "E:\\dac_winprop_irt2_direct_pilot32_v1\\completion\\tile_000022.json",
    "E:\\dac_winprop_irt2_direct_pilot32_v1\\completion\\tile_000023.json",
    "E:\\dac_winprop_irt2_direct_pilot32_v1\\completion\\tile_000024.json",
    "E:\\dac_winprop_irt2_direct_pilot32_v1\\completion\\tile_000025.json",
    "E:\\dac_winprop_irt2_direct_pilot32_v1\\completion\\tile_000026.json",
    "E:\\dac_winprop_irt2_direct_pilot32_v1\\completion\\tile_000027.json",
    "E:\\dac_winprop_irt2_direct_pilot32_v1\\completion\\tile_000028.json",
    "E:\\dac_winprop_irt2_direct_pilot32_v1\\completion\\tile_000029.json",
    "E:\\dac_winprop_irt2_direct_pilot32_v1\\completion\\tile_000030.json",
    "E:\\dac_winprop_irt2_direct_pilot32_v1\\completion\\tile_000031.json",
    "E:\\dac_winprop_irt2_direct_pilot32_v1\\completion\\tile_000032.json"
  ]
}
